<html>
<body>
<pre>
<h1>µVision Build Log</h1>
<h2>Project:</h2>
C:\Users\jkrachey\SkyDrive\ECE353\svn\trunk\hw\2014-Spring\HW2\dist\p1\uVsionBaseProject.uvproj
Project File Date:  01/29/2014

<h2>Output:</h2>
Build target 'base'
assembling main.s...
assembling Startup.s...
assembling copyDigit.s...
linking...
Program Size: Code=704 RO-data=0 RW-data=0 ZI-data=256  
"uVsionBaseProject.axf" - 0 Error(s), 0 Warning(s).
Clean started: Project: 'uVsionBaseProject'
   deleting intermediate output files for target 'base'
